--------- beginning of /dev/log/main
01-16 14:57:24.967 E/Tethering( 1063): active iface (usb0) reported as added, ignoring
--------- beginning of /dev/log/system
01-16 14:57:24.977 D/WifiService( 1063): ACTION_BATTERY_CHANGED pluggedType: 2
01-16 14:57:29.647 E/Tethering( 1063): active iface (usb0) reported as added, ignoring
01-16 14:57:29.649 D/WifiService( 1063): ACTION_BATTERY_CHANGED pluggedType: 2
01-16 14:57:33.567 E/Tethering( 1063): active iface (usb0) reported as added, ignoring
01-16 14:57:33.573 D/WifiService( 1063): ACTION_BATTERY_CHANGED pluggedType: 2
01-16 14:57:38.267 E/Tethering( 1063): active iface (usb0) reported as added, ignoring
01-16 14:57:38.271 D/WifiService( 1063): ACTION_BATTERY_CHANGED pluggedType: 2
01-16 14:57:38.659 I/System.out( 4943): SipProvider: received new SIP message INVITE sip:101@192.168.1.108:40526 SIP/2.0
01-16 14:57:38.661 I/System.out( 4943):  null
01-16 14:57:38.747 I/System.out( 4943): SipProvider: Sending message through conn null
01-16 14:57:38.777 I/System.out( 4943): UA: INCOMING
01-16 14:57:38.797 I/SipUA:  ( 4943): isFastWifi() OBTAINING_IPADDR 1812048064
01-16 14:57:38.819 I/SipUA:  ( 4943): android.intent.action.PHONE_STATE
01-16 14:57:38.989 I/ActivityManager( 1063): Starting activity: Intent { flg=0x10000000 cmp=org.sipdroid.sipua/.ui.Activity2 }
01-16 14:57:39.203 D/dalvikvm( 1063): GC_FOR_MALLOC freed 18767 objects / 962568 bytes in 179ms
01-16 14:57:39.453 I/ActivityManager( 1063): Starting activity: Intent { flg=0x10000000 cmp=org.sipdroid.sipua/.ui.InCallScreen }
01-16 14:57:39.527 D/dalvikvm( 4943): Trying to load lib /data/data/org.sipdroid.sipua/lib/libspeex_jni.so 0x45e07b98
01-16 14:57:39.529 D/dalvikvm( 4943): Added shared lib /data/data/org.sipdroid.sipua/lib/libspeex_jni.so 0x45e07b98
01-16 14:57:39.529 D/dalvikvm( 4943): No JNI_OnLoad found in /data/data/org.sipdroid.sipua/lib/libspeex_jni.so 0x45e07b98, skipping init
01-16 14:57:39.701 I/SIPUA   ( 4943): [ main: InCallScreen.java: 381: onCreate() ] _____ onCreate() ----->
01-16 14:57:39.805 I/System.out( 4943): SipProvider: Sending message through conn null
01-16 14:57:39.859 D/dalvikvm( 4943): Trying to load lib /data/data/org.sipdroid.sipua/lib/libOSNetworkSystem.so 0x45e07b98
01-16 14:57:39.863 D/dalvikvm( 4943): Added shared lib /data/data/org.sipdroid.sipua/lib/libOSNetworkSystem.so 0x45e07b98
01-16 14:57:39.865 D/dalvikvm( 4943): No JNI_OnLoad found in /data/data/org.sipdroid.sipua/lib/libOSNetworkSystem.so 0x45e07b98, skipping init
01-16 14:57:39.891 I/System.out( 4943): AudioLauncher: starting java audio..
01-16 14:57:39.915 I/System.out( 4943): RtpStreamSender: Reading blocks of 172 bytes
01-16 14:57:39.919 I/System.out( 4943): RtpStreamSender: Sample rate  = 8000
01-16 14:57:39.919 I/System.out( 4943): RtpStreamSender: Buffer size = 6144
01-16 14:57:39.925 D/dalvikvm( 4943): Trying to load lib /data/data/org.sipdroid.sipua/lib/libspeex_jni.so 0x45e07b98
01-16 14:57:39.925 D/dalvikvm( 4943): Shared lib '/data/data/org.sipdroid.sipua/lib/libspeex_jni.so' already loaded in same CL 0x45e07b98
01-16 14:57:39.941 D/ALSAModule( 1011): open called for devices 00040000 in mode 0...
01-16 14:57:39.941 E/ALSAModule( 1011): CURRENT:17 OLD:16 
01-16 14:57:39.945 V/ALSAModule( 1011): Set CAPTURE PCM format to S16_LE (Signed 16 bit Little Endian), channel 2
01-16 14:57:39.947 V/ALSAModule( 1011): Using 2 channels for CAPTURE.
01-16 14:57:39.947 V/ALSAModule( 1011): Set CAPTURE sample rate to 32000 HZ
01-16 14:57:39.947 V/ALSAModule( 1011): Buffer size: 2048
01-16 14:57:39.947 V/ALSAModule( 1011): Latency: 64000
01-16 14:57:39.947 I/ALSAModule( 1011): Initialized ALSA CAPTURE device AndroidCapture_MIC_normal
01-16 14:57:39.947 D/AcousticsModule( 1011): Acoustics set_params stub called with 0.
01-16 14:57:39.949 E/AudioHardwareALSA( 1011): Handle-samplerate: 32000 realsampleRate:32000
01-16 14:57:39.957 I/System.out( 4943): RtpStreamReceiver: Reading blocks of max 1036 bytes
01-16 14:57:39.959 D/ALSAModule( 1011): route called for devices 00040000 in mode 0...
01-16 14:57:40.041 D/dalvikvm( 4943): Trying to load lib /data/data/org.sipdroid.sipua/lib/libspeex_jni.so 0x45e07b98
01-16 14:57:40.041 D/dalvikvm( 4943): Shared lib '/data/data/org.sipdroid.sipua/lib/libspeex_jni.so' already loaded in same CL 0x45e07b98
01-16 14:57:40.161 D/dalvikvm( 4943): GC_EXPLICIT freed 9077 objects / 588192 bytes in 97ms
01-16 14:57:40.759 D/Sensors ( 4943): sensors_get_sensors_list
01-16 14:57:40.773 D/Sensors ( 4943): sensors_get_sensors_list
01-16 14:57:40.789 D/Sensors ( 4943): sensors_get_sensors_list
01-16 14:57:40.793 D/Sensors ( 4943): sensors_device_open: name=data
01-16 14:57:40.807 I/SIPUA   ( 4943): [ main: CallScreen.java: 327: onStart() ] _____ onStart() ----->
01-16 14:57:40.825 I/SIPUA   ( 4943): [ main: InCallScreen.java: 115: onStart() ] _____ onStart() ----->
01-16 14:57:40.827 I/SIPUA   ( 4943): [ main: CallScreen.java: 220: onResume() ] _____ enter on resume...
01-16 14:57:40.859 D/SIPUA   ( 4943): [ main: CallScreen.java: 224: onResume() ] _____ Receiver.call_state = 1, rtp_socket = null
01-16 14:57:40.859 I/SipUA:  ( 4943): on resume
01-16 14:57:40.869 I/SIPUA   ( 4943): [ main: InCallScreen.java: 167: onResume() ] _____ onResume() ----->
01-16 14:57:41.027 I/dalvikvm( 4943): Jit: resizing JitTable from 512 to 1024
01-16 14:57:41.469 I/ActivityManager( 1063): Displayed activity org.sipdroid.sipua/.ui.InCallScreen: 1938 ms (total 2244 ms)
01-16 14:57:41.623 D/dalvikvm( 1152): GC_EXPLICIT freed 144 objects / 8360 bytes in 416ms
01-16 14:57:42.237 E/Tethering( 1063): active iface (usb0) reported as added, ignoring
01-16 14:57:42.243 D/WifiService( 1063): ACTION_BATTERY_CHANGED pluggedType: 2
01-16 14:57:45.485 I/System.out( 4943): UA: ACCEPT
01-16 14:57:45.549 D/ALSAModule( 1011): route called for devices 00000001 in mode 0...
01-16 14:57:45.603 I/ActivityManager( 1063): Starting activity: Intent { flg=0x10000000 cmp=org.sipdroid.sipua/.ui.InCallScreen }
01-16 14:57:45.613 D/ALSAModule( 1011): open called for devices 00000001 in mode 0...
01-16 14:57:45.613 E/ALSAModule( 1011): CURRENT:7 OLD:17 
01-16 14:57:45.625 V/ALSAModule( 1011): Set PLAYBACK PCM format to S16_LE (Signed 16 bit Little Endian), channel 2
01-16 14:57:45.625 V/ALSAModule( 1011): Using 2 channels for PLAYBACK.
01-16 14:57:45.625 V/ALSAModule( 1011): Set PLAYBACK sample rate to 32000 HZ
01-16 14:57:45.625 V/ALSAModule( 1011): Buffer size: 2048
01-16 14:57:45.625 V/ALSAModule( 1011): Latency: 64000
01-16 14:57:45.633 I/ALSAModule( 1011): Initialized ALSA PLAYBACK device AndroidPlayback_Earpiece_normal
01-16 14:57:45.695 D/PowerManagerService( 1063): enableProximityLockLocked
01-16 14:57:45.895 I/SipUA:  ( 4943): alarm 600
01-16 14:57:45.981 D/AlarmManager( 1063): *** setRepeating() triggerTime=1 Jan 1970 04:38:49 GMT,from org.sipdroid.sipua,needSetPMUAlarm=false,isShuting=false
01-16 14:57:45.983 D/AlarmManager( 1063): setRepeating() index=1
01-16 14:57:46.003 I/SipUA:  ( 4943): android.intent.action.PHONE_STATE
01-16 14:57:46.025 I/SIPUA   ( 4943): [ main: CallScreen.java: 318: onPause() ] _____ onPause() ----->
01-16 14:57:46.037 I/SipUA:  ( 4943): on pause
01-16 14:57:46.045 I/SIPUA   ( 4943): [ main: InCallScreen.java: 130: onPause() ] _____ onPause() ----->
01-16 14:57:46.081 I/SIPUA   ( 4943): [ main: CallScreen.java: 220: onResume() ] _____ enter on resume...
01-16 14:57:46.087 D/SIPUA   ( 4943): [ main: CallScreen.java: 224: onResume() ] _____ Receiver.call_state = 3, rtp_socket = null
01-16 14:57:46.123 I/SipUA:  ( 4943): on resume
01-16 14:57:46.125 D/SIPUA   ( 4943): [ Thread-36: CallScreen.java: 228: run() ] _____ in new thread, intent = null
01-16 14:57:46.129 I/SIPUA   ( 4943): [ main: InCallScreen.java: 167: onResume() ] _____ onResume() ----->
01-16 14:57:46.209 W/BackupManagerService( 1063): dataChanged but no participant pkg='com.android.providers.settings' uid=10080
01-16 14:57:46.291 I/System.out( 4943): SipProvider: Sending message through conn null
01-16 14:57:46.443 I/System.out( 4943): SipProvider: received new SIP message ACK sip:101@192.168.1.108:34611 SIP/2.0
01-16 14:57:46.443 I/System.out( 4943):  null
01-16 14:57:46.509 I/SipUA:  ( 4943): alarm 600
01-16 14:57:46.551 D/AlarmManager( 1063): *** setRepeating() triggerTime=1 Jan 1970 04:38:50 GMT,from org.sipdroid.sipua,needSetPMUAlarm=false,isShuting=false
01-16 14:57:46.555 D/AlarmManager( 1063): setRepeating() index=1
01-16 14:57:46.557 I/SipUA:  ( 4943): alarm 600
01-16 14:57:46.591 I/System.out( 4943): UA: CONFIRMED/CALL
01-16 14:57:46.607 D/AlarmManager( 1063): *** setRepeating() triggerTime=1 Jan 1970 04:38:50 GMT,from org.sipdroid.sipua,needSetPMUAlarm=false,isShuting=false
01-16 14:57:46.607 D/AlarmManager( 1063): setRepeating() index=1
01-16 14:57:46.609 I/SipUA:  ( 4943): alarm 600
01-16 14:57:46.659 D/AlarmManager( 1063): *** setRepeating() triggerTime=1 Jan 1970 04:38:50 GMT,from org.sipdroid.sipua,needSetPMUAlarm=false,isShuting=false
01-16 14:57:46.661 D/AlarmManager( 1063): setRepeating() index=1
01-16 14:57:46.663 I/SipUA:  ( 4943): alarm 600
01-16 14:57:46.707 D/AlarmManager( 1063): *** setRepeating() triggerTime=1 Jan 1970 04:38:50 GMT,from org.sipdroid.sipua,needSetPMUAlarm=false,isShuting=false
01-16 14:57:46.707 D/AlarmManager( 1063): setRepeating() index=1
01-16 14:57:46.709 I/SipUA:  ( 4943): alarm 600
01-16 14:57:46.755 D/AlarmManager( 1063): *** setRepeating() triggerTime=1 Jan 1970 04:38:50 GMT,from org.sipdroid.sipua,needSetPMUAlarm=false,isShuting=false
01-16 14:57:46.755 D/AlarmManager( 1063): setRepeating() index=1
01-16 14:57:47.045 E/Tethering( 1063): active iface (usb0) reported as added, ignoring
01-16 14:57:47.049 D/WifiService( 1063): ACTION_BATTERY_CHANGED pluggedType: 2
01-16 14:57:47.475 D/DownloadManager( 1289): mms freeMem:108597248, smslowflag:false,mmslowflag:false,smsThrehold:10240,mmsThreshold:317440
01-16 14:57:49.181 D/SIPUA   ( 4943): [ Thread-36: CallScreen.java: 258: run() ] _____ video packet before receive...
01-16 14:57:51.045 E/Tethering( 1063): active iface (usb0) reported as added, ignoring
01-16 14:57:51.059 D/WifiService( 1063): ACTION_BATTERY_CHANGED pluggedType: 2
01-16 14:57:55.381 I/dalvikvm( 4943): Jit: resizing JitTable from 1024 to 2048
01-16 14:57:56.059 E/Tethering( 1063): active iface (usb0) reported as added, ignoring
01-16 14:57:56.063 D/WifiService( 1063): ACTION_BATTERY_CHANGED pluggedType: 2
01-16 14:57:58.303 D/SIPUA   ( 4943): [ Thread-36: CallScreen.java: 272: run() ] _____ video packet payload len -> 663
01-16 14:57:58.327 D/SIPUA   ( 4943): [ Thread-36: CallScreen.java: 273: run() ] _____ video packet header -> 80 e7 00 0a 2b e8 f0 e2 c0 1e bd 41
01-16 14:57:58.327 D/SIPUA   ( 4943): [ Thread-36: CallScreen.java: 284: run() ] _____ Incoming call receive video, launch ViewCamera...
01-16 14:57:58.357 I/ActivityManager( 1063): Starting activity: Intent { cmp=org.sipdroid.sipua/.ui.VideoCamera (has extras) }
01-16 14:57:58.437 I/SIPUA   ( 4943): [ main: CallScreen.java: 318: onPause() ] _____ onPause() ----->
01-16 14:57:58.437 I/SipUA:  ( 4943): on pause
01-16 14:57:58.441 I/SIPUA   ( 4943): [ main: InCallScreen.java: 130: onPause() ] _____ onPause() ----->
01-16 14:57:58.493 W/BackupManagerService( 1063): dataChanged but no participant pkg='com.android.providers.settings' uid=10080
01-16 14:57:58.561 I/WindowManager( 1063): Setting rotation to 1, animFlags=1
01-16 14:57:58.587 I/ActivityManager( 1063): Config changed: { scale=1.0 imsi=460/0 loc=zh_CN touch=3 keys=1/1/2 nav=3/1 orien=2 layout=18 uiMode=17 seq=20}
01-16 14:57:59.043 I/SIPUA   ( 4943): [ main: VideoCamera.java: 179: onCreate() ] _____ onCreate() -----> 
01-16 14:57:59.223 I/SIPUA   ( 4943): [ main: CallScreen.java: 327: onStart() ] _____ onStart() ----->
01-16 14:57:59.243 I/SIPUA   ( 4943): [ main: VideoCamera.java: 210: onStart() ] _____ onStart() ----->
01-16 14:57:59.459 D/ALSAModule( 1011): route called for devices 00000002 in mode 0...
01-16 14:57:59.525 D/ALSAModule( 1011): open called for devices 00000002 in mode 0...
01-16 14:57:59.525 E/ALSAModule( 1011): CURRENT:2 OLD:7 
01-16 14:57:59.535 V/ALSAModule( 1011): Set PLAYBACK PCM format to S16_LE (Signed 16 bit Little Endian), channel 2
01-16 14:57:59.535 V/ALSAModule( 1011): Using 2 channels for PLAYBACK.
01-16 14:57:59.535 V/ALSAModule( 1011): Set PLAYBACK sample rate to 32000 HZ
01-16 14:57:59.535 V/ALSAModule( 1011): Buffer size: 2048
01-16 14:57:59.535 V/ALSAModule( 1011): Latency: 64000
01-16 14:57:59.597 I/ALSAModule( 1011): Initialized ALSA PLAYBACK device AndroidPlayback_Speaker_normal
01-16 14:57:59.623 D/dalvikvm( 4943): Trying to load lib /data/data/org.sipdroid.sipua/lib/libspeex_jni.so 0x45e07b98
01-16 14:57:59.623 D/dalvikvm( 4943): Shared lib '/data/data/org.sipdroid.sipua/lib/libspeex_jni.so' already loaded in same CL 0x45e07b98
01-16 14:57:59.891 I/SipUA:  ( 4943): on resume
01-16 14:57:59.905 D/SIPUA   ( 4943): [ main: VideoCamera.java: 228: onResume() ] _____ justplay = true
01-16 14:58:00.249 W/AudioFlinger( 1011): RecordThread: buffer overflow
01-16 14:58:00.259 W/AudioFlinger( 1011): RecordThread: buffer overflow
01-16 14:58:00.287 D/dalvikvm( 4943): GC_FOR_MALLOC freed 9177 objects / 653144 bytes in 275ms
01-16 14:58:00.293 I/SIPUA   ( 4943): [ main: VideoCamera.java: 259: onResume() ] _____ remote videoUrl = rtsp://192.168.1.105/21070/sipdroid
01-16 14:58:00.313 W/AudioFlinger( 1011): RecordThread: buffer overflow
01-16 14:58:00.325 I/SIPUA   ( 4943): [ main: VideoCamera.java: 484: startFFmpegVideoView() ] _____ startFFmpegVideoView() ----->
01-16 14:58:00.339 I/SIPUA   ( 4943): [ main: VideoCamera.java: 490: startFFmpegVideoView() ] _____ rtp_socket == null, create new one...
01-16 14:58:00.377 W/AudioFlinger( 1011): RecordThread: buffer overflow
01-16 14:58:00.399 D/SIPUA   ( 4943): [ main: VideoCamera.java: 496: startFFmpegVideoView() ] _____ localVideoPort = 21070, remoteVideoPort = 21070, remoteAddr = 192.168.1.105
01-16 14:58:00.443 I/SIPUA   ( 4943): [ Thread-44: VideoCamera.java: 531: run() ] _____ Open file to dump raw h263 stream
01-16 14:58:00.463 I/SIPUA   ( 4943): [ main: CallScreen.java: 220: onResume() ] _____ enter on resume...
01-16 14:58:00.487 D/SIPUA   ( 4943): [ main: CallScreen.java: 224: onResume() ] _____ Receiver.call_state = 3, rtp_socket = org.sipdroid.net.RtpSocket@45e731d0
01-16 14:58:00.505 W/AudioFlinger( 1011): RecordThread: buffer overflow
01-16 14:58:00.521 I/SIPUA   ( 4943): [ main: CallScreen.java: 335: onStop() ] _____ onStop() ----->
01-16 14:58:00.525 D/SIPUA   ( 4943): [ Thread-44: VideoCamera.java: 553: run() ] _____ videopacket rtp header = 80 67 00 3d 2b eb cd 30 c0 1e bd 41
01-16 14:58:00.543 I/SIPUA   ( 4943): [ main: InCallScreen.java: 102: onStop() ] _____ onStop() ----->
01-16 14:58:00.545 D/SIPUA   ( 4943): [ Thread-44: RtpPacket.java: 323: getBit() ] _____ 103 >> 7 = 0
01-16 14:58:00.557 D/SIPUA   ( 4943): [ Thread-44: VideoCamera.java: 577: run() ] _____ Not complete frame
01-16 14:58:00.559 I/SIPUA   ( 4943): [ Thread-44: VideoCamera.java: 607: writeRawH263() ] _____ Write offset[0], len[2]
01-16 14:58:00.585 D/PowerManagerService( 1063): disableProximityLockLocked
01-16 14:58:00.633 I/SIPUA   ( 4943): [ Thread-44: VideoCamera.java: 607: writeRawH263() ] _____ Write offset[14], len[1400]
01-16 14:58:00.663 I/SipUA:  ( 4943): alarm 600
01-16 14:58:00.697 E/Tethering( 1063): active iface (usb0) reported as added, ignoring
01-16 14:58:00.701 D/SIPUA   ( 4943): [ Thread-44: VideoCamera.java: 553: run() ] _____ videopacket rtp header = 80 e7 00 3e 2b eb cd 30 c0 1e bd 41
01-16 14:58:00.721 D/SIPUA   ( 4943): [ Thread-44: RtpPacket.java: 323: getBit() ] _____ -25 >> 7 = -1
01-16 14:58:00.723 D/SIPUA   ( 4943): [ Thread-44: VideoCamera.java: 567: run() ] _____ Got complete frame
01-16 14:58:00.735 D/WifiService( 1063): ACTION_BATTERY_CHANGED pluggedType: 2
01-16 14:58:00.737 I/SIPUA   ( 4943): [ Thread-44: VideoCamera.java: 607: writeRawH263() ] _____ Write offset[14], len[513]
01-16 14:58:00.755 D/AlarmManager( 1063): *** setRepeating() triggerTime=1 Jan 1970 04:39:04 GMT,from org.sipdroid.sipua,needSetPMUAlarm=false,isShuting=false
01-16 14:58:00.755 D/AlarmManager( 1063): setRepeating() index=1
01-16 14:58:00.791 I/SipUA:  ( 4943): alarm 600
01-16 14:58:00.809 D/SIPUA   ( 4943): [ Thread-44: VideoCamera.java: 553: run() ] _____ videopacket rtp header = 80 67 00 3f 2b eb de 6a c0 1e bd 41
01-16 14:58:00.811 D/AlarmManager( 1063): *** setRepeating() triggerTime=16 Jan 2011 06:59:00 GMT,from android,needSetPMUAlarm=false,isShuting=false
01-16 14:58:00.811 D/AlarmManager( 1063): setRepeating() index=0
01-16 14:58:00.831 D/SIPUA   ( 4943): [ Thread-44: RtpPacket.java: 323: getBit() ] _____ 103 >> 7 = 0
01-16 14:58:00.845 D/SIPUA   ( 4943): [ Thread-44: VideoCamera.java: 577: run() ] _____ Not complete frame
01-16 14:58:00.859 I/SIPUA   ( 4943): [ Thread-44: VideoCamera.java: 607: writeRawH263() ] _____ Write offset[0], len[2]
01-16 14:58:00.865 I/SIPUA   ( 4943): [ Thread-44: VideoCamera.java: 607: writeRawH263() ] _____ Write offset[14], len[1400]
01-16 14:58:00.893 D/AlarmManager( 1063): *** setRepeating() triggerTime=1 Jan 1970 04:39:04 GMT,from org.sipdroid.sipua,needSetPMUAlarm=false,isShuting=false
01-16 14:58:00.893 D/AlarmManager( 1063): setRepeating() index=1
01-16 14:58:00.895 I/SipUA:  ( 4943): alarm 600
01-16 14:58:00.929 D/SIPUA   ( 4943): [ Thread-44: VideoCamera.java: 553: run() ] _____ videopacket rtp header = 80 e7 00 40 2b eb de 6a c0 1e bd 41
01-16 14:58:00.939 D/SIPUA   ( 4943): [ Thread-44: RtpPacket.java: 323: getBit() ] _____ -25 >> 7 = -1
01-16 14:58:00.957 D/SIPUA   ( 4943): [ Thread-44: VideoCamera.java: 567: run() ] _____ Got complete frame
01-16 14:58:00.967 I/SIPUA   ( 4943): [ Thread-44: VideoCamera.java: 607: writeRawH263() ] _____ Write offset[14], len[80]
01-16 14:58:00.971 D/AlarmManager( 1063): *** setRepeating() triggerTime=1 Jan 1970 04:39:04 GMT,from org.sipdroid.sipua,needSetPMUAlarm=false,isShuting=false
01-16 14:58:00.977 D/AlarmManager( 1063): setRepeating() index=1
01-16 14:58:00.985 I/SipUA:  ( 4943): alarm 600
01-16 14:58:01.043 D/SIPUA   ( 4943): [ Thread-44: VideoCamera.java: 553: run() ] _____ videopacket rtp header = 80 e7 00 41 2b eb ef fe c0 1e bd 41
01-16 14:58:01.045 D/SIPUA   ( 4943): [ Thread-44: RtpPacket.java: 323: getBit() ] _____ -25 >> 7 = -1
01-16 14:58:01.075 D/SIPUA   ( 4943): [ Thread-44: VideoCamera.java: 567: run() ] _____ Got complete frame
01-16 14:58:01.081 I/SIPUA   ( 4943): [ Thread-44: VideoCamera.java: 607: writeRawH263() ] _____ Write offset[0], len[2]
01-16 14:58:01.081 D/AlarmManager( 1063): *** setRepeating() triggerTime=1 Jan 1970 04:39:04 GMT,from org.sipdroid.sipua,needSetPMUAlarm=false,isShuting=false
01-16 14:58:01.091 D/AlarmManager( 1063): setRepeating() index=1
01-16 14:58:01.095 I/SipUA:  ( 4943): alarm 600
01-16 14:58:01.115 I/SIPUA   ( 4943): [ Thread-44: VideoCamera.java: 607: writeRawH263() ] _____ Write offset[14], len[1261]
01-16 14:58:01.169 D/SIPUA   ( 4943): [ Thread-44: VideoCamera.java: 553: run() ] _____ videopacket rtp header = 80 67 00 42 2b ec 01 38 c0 1e bd 41
01-16 14:58:01.171 D/AlarmManager( 1063): *** setRepeating() triggerTime=1 Jan 1970 04:39:04 GMT,from org.sipdroid.sipua,needSetPMUAlarm=false,isShuting=false
01-16 14:58:01.185 D/SIPUA   ( 4943): [ Thread-44: RtpPacket.java: 323: getBit() ] _____ 103 >> 7 = 0
01-16 14:58:01.187 D/SIPUA   ( 4943): [ Thread-44: VideoCamera.java: 577: run() ] _____ Not complete frame
01-16 14:58:01.187 D/AlarmManager( 1063): setRepeating() index=1
01-16 14:58:01.191 I/SipUA:  ( 4943): alarm 600
01-16 14:58:01.223 I/SIPUA   ( 4943): [ Thread-44: VideoCamera.java: 607: writeRawH263() ] _____ Write offset[0], len[2]
01-16 14:58:01.239 I/SIPUA   ( 4943): [ Thread-44: VideoCamera.java: 607: writeRawH263() ] _____ Write offset[14], len[1400]
01-16 14:58:01.271 D/AlarmManager( 1063): *** setRepeating() triggerTime=1 Jan 1970 04:39:04 GMT,from org.sipdroid.sipua,needSetPMUAlarm=false,isShuting=false
01-16 14:58:01.271 D/AlarmManager( 1063): setRepeating() index=1
01-16 14:58:01.277 I/SipUA:  ( 4943): alarm 600
01-16 14:58:01.313 D/SIPUA   ( 4943): [ Thread-44: VideoCamera.java: 553: run() ] _____ videopacket rtp header = 80 e7 00 43 2b ec 01 38 c0 1e bd 41
01-16 14:58:01.313 D/SIPUA   ( 4943): [ Thread-44: RtpPacket.java: 323: getBit() ] _____ -25 >> 7 = -1
01-16 14:58:01.329 D/SIPUA   ( 4943): [ Thread-44: VideoCamera.java: 567: run() ] _____ Got complete frame
01-16 14:58:01.347 I/SIPUA   ( 4943): [ Thread-44: VideoCamera.java: 607: writeRawH263() ] _____ Write offset[14], len[349]
01-16 14:58:01.367 D/AlarmManager( 1063): *** setRepeating() triggerTime=1 Jan 1970 04:39:04 GMT,from org.sipdroid.sipua,needSetPMUAlarm=false,isShuting=false
01-16 14:58:01.369 D/AlarmManager( 1063): setRepeating() index=1
01-16 14:58:01.387 D/SIPUA   ( 4943): [ Thread-44: VideoCamera.java: 553: run() ] _____ videopacket rtp header = 80 67 00 44 2b ec 13 80 c0 1e bd 41
01-16 14:58:01.401 I/VideoPreview( 4943): ar 1.2222222 setting size: 176x144
01-16 14:58:01.421 D/SIPUA   ( 4943): [ Thread-44: RtpPacket.java: 323: getBit() ] _____ 103 >> 7 = 0
01-16 14:58:01.421 D/SIPUA   ( 4943): [ Thread-44: VideoCamera.java: 577: run() ] _____ Not complete frame
01-16 14:58:01.439 I/VideoPreview( 4943): ar 1.2222222 setting size: 176x144
01-16 14:58:01.439 I/SIPUA   ( 4943): [ Thread-44: VideoCamera.java: 607: writeRawH263() ] _____ Write offset[0], len[2]
01-16 14:58:01.441 I/SIPUA   ( 4943): [ Thread-44: VideoCamera.java: 607: writeRawH263() ] _____ Write offset[14], len[1400]
01-16 14:58:01.491 I/ActivityManager( 1063): Displayed activity org.sipdroid.sipua/.ui.VideoCamera: 2931 ms (total 2931 ms)
01-16 14:58:01.545 D/SIPUA   ( 4943): [ Thread-44: VideoCamera.java: 553: run() ] _____ videopacket rtp header = 80 e7 00 45 2b ec 13 80 c0 1e bd 41
01-16 14:58:01.559 D/SIPUA   ( 4943): [ Thread-44: RtpPacket.java: 323: getBit() ] _____ -25 >> 7 = -1
01-16 14:58:01.563 D/SIPUA   ( 4943): [ Thread-44: VideoCamera.java: 567: run() ] _____ Got complete frame
01-16 14:58:01.579 I/SIPUA   ( 4943): [ Thread-44: VideoCamera.java: 607: writeRawH263() ] _____ Write offset[14], len[5]
01-16 14:58:01.675 D/SIPUA   ( 4943): [ Thread-44: VideoCamera.java: 553: run() ] _____ videopacket rtp header = 80 67 00 46 2b ec 25 14 c0 1e bd 41
01-16 14:58:01.693 D/SIPUA   ( 4943): [ Thread-44: RtpPacket.java: 323: getBit() ] _____ 103 >> 7 = 0
01-16 14:58:01.693 I/VideoPreview( 4943): ar 1.2222222 setting size: 176x144
01-16 14:58:01.703 I/VideoPreview( 4943): ar 1.2222222 setting size: 176x144
01-16 14:58:01.713 D/SIPUA   ( 4943): [ Thread-44: VideoCamera.java: 577: run() ] _____ Not complete frame
01-16 14:58:01.731 I/SIPUA   ( 4943): [ Thread-44: VideoCamera.java: 607: writeRawH263() ] _____ Write offset[0], len[2]
01-16 14:58:01.761 I/SIPUA   ( 4943): [ Thread-44: VideoCamera.java: 607: writeRawH263() ] _____ Write offset[14], len[1400]
01-16 14:58:01.801 D/SIPUA   ( 4943): [ Thread-44: VideoCamera.java: 553: run() ] _____ videopacket rtp header = 80 e7 00 47 2b ec 25 14 c0 1e bd 41
01-16 14:58:01.803 D/SIPUA   ( 4943): [ Thread-44: RtpPacket.java: 323: getBit() ] _____ -25 >> 7 = -1
01-16 14:58:01.835 E/copybit ( 1063): G2D initialize
01-16 14:58:01.837 D/SIPUA   ( 4943): [ Thread-44: VideoCamera.java: 567: run() ] _____ Got complete frame
01-16 14:58:01.847 E/copybit ( 1063): GE initialize
01-16 14:58:01.847 E/copybit ( 1063): Copybit initialized
01-16 14:58:01.875 I/SIPUA   ( 4943): [ Thread-44: VideoCamera.java: 607: writeRawH263() ] _____ Write offset[14], len[266]
01-16 14:58:01.947 D/SIPUA   ( 4943): [ Thread-44: VideoCamera.java: 553: run() ] _____ videopacket rtp header = 80 67 00 48 2b ec 36 a8 c0 1e bd 41
01-16 14:58:01.995 D/SIPUA   ( 4943): [ Thread-44: RtpPacket.java: 323: getBit() ] _____ 103 >> 7 = 0
01-16 14:58:02.015 E/copybit ( 1063): G2D initialize
01-16 14:58:02.019 D/SIPUA   ( 4943): [ Thread-44: VideoCamera.java: 577: run() ] _____ Not complete frame
01-16 14:58:02.035 I/SIPUA   ( 4943): [ Thread-44: VideoCamera.java: 607: writeRawH263() ] _____ Write offset[0], len[2]
01-16 14:58:02.039 E/copybit ( 1063): GE initialize
01-16 14:58:02.045 E/copybit ( 1063): Copybit initialized
01-16 14:58:02.067 I/SIPUA   ( 4943): [ Thread-44: VideoCamera.java: 607: writeRawH263() ] _____ Write offset[14], len[1400]
01-16 14:58:02.143 D/SIPUA   ( 4943): [ Thread-44: VideoCamera.java: 553: run() ] _____ videopacket rtp header = 80 e7 00 49 2b ec 36 a8 c0 1e bd 41
01-16 14:58:02.159 D/SIPUA   ( 4943): [ Thread-44: RtpPacket.java: 323: getBit() ] _____ -25 >> 7 = -1
01-16 14:58:02.193 D/SIPUA   ( 4943): [ Thread-44: VideoCamera.java: 567: run() ] _____ Got complete frame
01-16 14:58:02.193 I/SIPUA   ( 4943): [ Thread-44: VideoCamera.java: 607: writeRawH263() ] _____ Write offset[14], len[43]
01-16 14:58:02.257 D/SIPUA   ( 4943): [ Thread-44: VideoCamera.java: 553: run() ] _____ videopacket rtp header = 80 e7 00 4a 2b ec 47 e2 c0 1e bd 41
01-16 14:58:02.271 D/SIPUA   ( 4943): [ Thread-44: RtpPacket.java: 323: getBit() ] _____ -25 >> 7 = -1
01-16 14:58:02.291 D/SIPUA   ( 4943): [ Thread-44: VideoCamera.java: 567: run() ] _____ Got complete frame
01-16 14:58:02.309 I/SIPUA   ( 4943): [ Thread-44: VideoCamera.java: 607: writeRawH263() ] _____ Write offset[0], len[2]
01-16 14:58:02.327 I/SIPUA   ( 4943): [ Thread-44: VideoCamera.java: 607: writeRawH263() ] _____ Write offset[14], len[854]
01-16 14:58:02.375 D/ClockUpdateService( 1402): mTimeTickReceiver[onReceive] intent -- Intent { act=android.intent.action.TIME_TICK flg=0x40000004 (has extras) }
01-16 14:58:02.409 D/SIPUA   ( 4943): [ Thread-44: VideoCamera.java: 553: run() ] _____ videopacket rtp header = 80 67 00 4b 2b ec 59 1c c0 1e bd 41
01-16 14:58:02.437 D/SIPUA   ( 4943): [ Thread-44: RtpPacket.java: 323: getBit() ] _____ 103 >> 7 = 0
01-16 14:58:02.449 D/SIPUA   ( 4943): [ Thread-44: VideoCamera.java: 577: run() ] _____ Not complete frame
01-16 14:58:02.449 I/SIPUA   ( 4943): [ Thread-44: VideoCamera.java: 607: writeRawH263() ] _____ Write offset[0], len[2]
01-16 14:58:02.471 I/SIPUA   ( 4943): [ Thread-44: VideoCamera.java: 607: writeRawH263() ] _____ Write offset[14], len[1400]
01-16 14:58:02.487 D/Utils   ( 1402): [numberToImageRes] number -- 1
01-16 14:58:02.505 D/Utils   ( 1402): [numberToImageRes] number -- 4
01-16 14:58:02.505 D/Utils   ( 1402): [numberToImageRes] number -- 5
01-16 14:58:02.505 D/Utils   ( 1402): [numberToImageRes] number -- 8
01-16 14:58:02.567 D/SIPUA   ( 4943): [ Thread-44: VideoCamera.java: 553: run() ] _____ videopacket rtp header = 80 e7 00 4c 2b ec 59 1c c0 1e bd 41
01-16 14:58:02.567 D/SIPUA   ( 4943): [ Thread-44: RtpPacket.java: 323: getBit() ] _____ -25 >> 7 = -1
01-16 14:58:02.581 D/WeatherProvider( 1272): [query] uri -- content://com.pekall.provider.weather/cities/1
01-16 14:58:02.595 D/SIPUA   ( 4943): [ Thread-44: VideoCamera.java: 567: run() ] _____ Got complete frame
01-16 14:58:02.613 I/SIPUA   ( 4943): [ Thread-44: VideoCamera.java: 607: writeRawH263() ] _____ Write offset[14], len[217]
01-16 14:58:02.641 D/ClockViewBuilder( 1402): [buildCityExistView] enter
01-16 14:58:02.697 D/SIPUA   ( 4943): [ Thread-44: VideoCamera.java: 553: run() ] _____ videopacket rtp header = 80 67 00 4d 2b ec 6b 0a c0 1e bd 41
01-16 14:58:02.719 D/SIPUA   ( 4943): [ Thread-44: RtpPacket.java: 323: getBit() ] _____ 103 >> 7 = 0
01-16 14:58:02.737 D/dalvikvm( 1152): GC_EXPLICIT freed 279 objects / 287240 bytes in 1087ms
01-16 14:58:02.751 D/SIPUA   ( 4943): [ Thread-44: VideoCamera.java: 577: run() ] _____ Not complete frame
01-16 14:58:02.753 D/WeatherProvider( 1272): [query] uri -- content://com.pekall.provider.weather/cities/1/current_conditions
01-16 14:58:02.787 I/SIPUA   ( 4943): [ Thread-44: VideoCamera.java: 607: writeRawH263() ] _____ Write offset[0], len[2]
01-16 14:58:02.789 I/SIPUA   ( 4943): [ Thread-44: VideoCamera.java: 607: writeRawH263() ] _____ Write offset[14], len[1400]
01-16 14:58:02.843 D/SIPUA   ( 4943): [ Thread-44: VideoCamera.java: 553: run() ] _____ videopacket rtp header = 80 e7 00 4e 2b ec 6b 0a c0 1e bd 41
01-16 14:58:02.847 D/WeatherProvider( 1272): [query] uri -- content://com.pekall.provider.weather/cities/1/forecasts
01-16 14:58:02.863 D/SIPUA   ( 4943): [ Thread-44: RtpPacket.java: 323: getBit() ] _____ -25 >> 7 = -1
01-16 14:58:02.883 D/Utils   ( 1402): [weatherCodeToIconRes] code --  lsup -- -1
01-16 14:58:02.883 D/Utils   ( 1402): time -- -1
01-16 14:58:02.893 D/SIPUA   ( 4943): [ Thread-44: VideoCamera.java: 567: run() ] _____ Got complete frame
01-16 14:58:02.897 I/SIPUA   ( 4943): [ Thread-44: VideoCamera.java: 607: writeRawH263() ] _____ Write offset[14], len[30]
01-16 14:58:02.951 D/SIPUA   ( 4943): [ Thread-44: VideoCamera.java: 553: run() ] _____ videopacket rtp header = 80 67 00 4f 2b ec 7c 9e c0 1e bd 41
01-16 14:58:02.963 D/SIPUA   ( 4943): [ Thread-44: RtpPacket.java: 323: getBit() ] _____ 103 >> 7 = 0
01-16 14:58:02.967 D/SIPUA   ( 4943): [ Thread-44: VideoCamera.java: 577: run() ] _____ Not complete frame
01-16 14:58:02.977 I/SIPUA   ( 4943): [ Thread-44: VideoCamera.java: 607: writeRawH263() ] _____ Write offset[0], len[2]
01-16 14:58:02.985 D/Utils   ( 1402): [numberToImageRes] number -- 1
01-16 14:58:02.989 I/SIPUA   ( 4943): [ Thread-44: VideoCamera.java: 607: writeRawH263() ] _____ Write offset[14], len[1400]
01-16 14:58:02.995 D/Utils   ( 1402): [numberToImageRes] number -- 4
01-16 14:58:02.997 D/Utils   ( 1402): [numberToImageRes] number -- 5
01-16 14:58:02.999 D/Utils   ( 1402): [numberToImageRes] number -- 8
01-16 14:58:03.041 D/SIPUA   ( 4943): [ Thread-44: VideoCamera.java: 553: run() ] _____ videopacket rtp header = 80 e7 00 50 2b ec 7c 9e c0 1e bd 41
01-16 14:58:03.057 D/WeatherProvider( 1272): [query] uri -- content://com.pekall.provider.weather/cities/1
01-16 14:58:03.073 D/SIPUA   ( 4943): [ Thread-44: RtpPacket.java: 323: getBit() ] _____ -25 >> 7 = -1
01-16 14:58:03.089 D/SIPUA   ( 4943): [ Thread-44: VideoCamera.java: 567: run() ] _____ Got complete frame
01-16 14:58:03.117 D/ClockViewBuilder( 1402): [buildCityExistView] enter
01-16 14:58:03.127 I/SIPUA   ( 4943): [ Thread-44: VideoCamera.java: 607: writeRawH263() ] _____ Write offset[14], len[194]
01-16 14:58:03.167 D/SIPUA   ( 4943): [ Thread-44: VideoCamera.java: 553: run() ] _____ videopacket rtp header = 80 67 00 51 2b ec 8e 32 c0 1e bd 41
01-16 14:58:03.167 D/SIPUA   ( 4943): [ Thread-44: RtpPacket.java: 323: getBit() ] _____ 103 >> 7 = 0
01-16 14:58:03.179 D/SIPUA   ( 4943): [ Thread-44: VideoCamera.java: 577: run() ] _____ Not complete frame
01-16 14:58:03.183 I/SIPUA   ( 4943): [ Thread-44: VideoCamera.java: 607: writeRawH263() ] _____ Write offset[0], len[2]
01-16 14:58:03.189 I/SIPUA   ( 4943): [ Thread-44: VideoCamera.java: 607: writeRawH263() ] _____ Write offset[14], len[1400]
01-16 14:58:03.207 D/SIPUA   ( 4943): [ Thread-44: VideoCamera.java: 553: run() ] _____ videopacket rtp header = 80 e7 00 52 2b ec 8e 32 c0 1e bd 41
01-16 14:58:03.221 D/SIPUA   ( 4943): [ Thread-44: RtpPacket.java: 323: getBit() ] _____ -25 >> 7 = -1
01-16 14:58:03.233 D/SIPUA   ( 4943): [ Thread-44: VideoCamera.java: 567: run() ] _____ Got complete frame
01-16 14:58:03.237 I/SIPUA   ( 4943): [ Thread-44: VideoCamera.java: 607: writeRawH263() ] _____ Write offset[14], len[332]
01-16 14:58:03.257 D/SIPUA   ( 4943): [ Thread-44: VideoCamera.java: 553: run() ] _____ videopacket rtp header = 80 e7 00 53 2b ec a0 20 c0 1e bd 41
01-16 14:58:03.271 D/SIPUA   ( 4943): [ Thread-44: RtpPacket.java: 323: getBit() ] _____ -25 >> 7 = -1
01-16 14:58:03.271 D/SIPUA   ( 4943): [ Thread-44: VideoCamera.java: 567: run() ] _____ Got complete frame
01-16 14:58:03.289 I/SIPUA   ( 4943): [ Thread-44: VideoCamera.java: 607: writeRawH263() ] _____ Write offset[0], len[2]
01-16 14:58:03.293 I/SIPUA   ( 4943): [ Thread-44: VideoCamera.java: 607: writeRawH263() ] _____ Write offset[14], len[1352]
01-16 14:58:03.325 D/SIPUA   ( 4943): [ Thread-44: VideoCamera.java: 553: run() ] _____ videopacket rtp header = 80 67 00 54 2b ec a7 28 c0 1e bd 41
01-16 14:58:03.327 D/SIPUA   ( 4943): [ Thread-44: RtpPacket.java: 323: getBit() ] _____ 103 >> 7 = 0
01-16 14:58:03.353 D/SIPUA   ( 4943): [ Thread-44: VideoCamera.java: 577: run() ] _____ Not complete frame
01-16 14:58:03.363 I/SIPUA   ( 4943): [ Thread-44: VideoCamera.java: 607: writeRawH263() ] _____ Write offset[0], len[2]
01-16 14:58:03.377 I/SIPUA   ( 4943): [ Thread-44: VideoCamera.java: 607: writeRawH263() ] _____ Write offset[14], len[1400]
01-16 14:58:03.447 I/SipUA:  ( 4943): alarm
01-16 14:58:03.477 I/SipUA:  ( 4943): alarm 60
01-16 14:58:03.485 D/SIPUA   ( 4943): [ Thread-44: VideoCamera.java: 553: run() ] _____ videopacket rtp header = 80 e7 00 55 2b ec a7 28 c0 1e bd 41
01-16 14:58:03.511 D/SIPUA   ( 4943): [ Thread-44: RtpPacket.java: 323: getBit() ] _____ -25 >> 7 = -1
01-16 14:58:03.515 D/SIPUA   ( 4943): [ Thread-44: VideoCamera.java: 567: run() ] _____ Got complete frame
01-16 14:58:03.529 I/SIPUA   ( 4943): [ Thread-44: VideoCamera.java: 607: writeRawH263() ] _____ Write offset[14], len[37]
01-16 14:58:03.555 D/AlarmManager( 1063): *** setRepeating() triggerTime=1 Jan 1970 04:30:07 GMT,from org.sipdroid.sipua,needSetPMUAlarm=false,isShuting=false
01-16 14:58:03.555 D/AlarmManager( 1063): setRepeating() index=0
01-16 14:58:03.557 I/SipUA:  ( 4943): alarm 600
01-16 14:58:03.585 D/SIPUA   ( 4943): [ Thread-44: VideoCamera.java: 553: run() ] _____ videopacket rtp header = 80 67 00 56 2b ec af f2 c0 1e bd 41
01-16 14:58:03.611 D/SIPUA   ( 4943): [ Thread-44: RtpPacket.java: 323: getBit() ] _____ 103 >> 7 = 0
01-16 14:58:03.611 D/SIPUA   ( 4943): [ Thread-44: VideoCamera.java: 577: run() ] _____ Not complete frame
01-16 14:58:03.637 I/SIPUA   ( 4943): [ Thread-44: VideoCamera.java: 607: writeRawH263() ] _____ Write offset[0], len[2]
01-16 14:58:03.639 I/SIPUA   ( 4943): [ Thread-44: VideoCamera.java: 607: writeRawH263() ] _____ Write offset[14], len[1400]
01-16 14:58:03.645 D/AlarmManager( 1063): *** setRepeating() triggerTime=1 Jan 1970 04:39:07 GMT,from org.sipdroid.sipua,needSetPMUAlarm=false,isShuting=false
01-16 14:58:03.655 D/AlarmManager( 1063): setRepeating() index=1
01-16 14:58:03.681 D/SIPUA   ( 4943): [ Thread-44: VideoCamera.java: 553: run() ] _____ videopacket rtp header = 80 e7 00 57 2b ec af f2 c0 1e bd 41
01-16 14:58:03.681 D/SIPUA   ( 4943): [ Thread-44: RtpPacket.java: 323: getBit() ] _____ -25 >> 7 = -1
01-16 14:58:03.693 D/SIPUA   ( 4943): [ Thread-44: VideoCamera.java: 567: run() ] _____ Got complete frame
01-16 14:58:03.697 I/SIPUA   ( 4943): [ Thread-44: VideoCamera.java: 607: writeRawH263() ] _____ Write offset[14], len[100]
01-16 14:58:03.715 D/SIPUA   ( 4943): [ Thread-44: VideoCamera.java: 553: run() ] _____ videopacket rtp header = 80 67 00 58 2b ec c4 b0 c0 1e bd 41
01-16 14:58:03.717 D/SIPUA   ( 4943): [ Thread-44: RtpPacket.java: 323: getBit() ] _____ 103 >> 7 = 0
01-16 14:58:03.731 D/SIPUA   ( 4943): [ Thread-44: VideoCamera.java: 577: run() ] _____ Not complete frame
01-16 14:58:03.735 I/SIPUA   ( 4943): [ Thread-44: VideoCamera.java: 607: writeRawH263() ] _____ Write offset[0], len[2]
01-16 14:58:03.747 I/SIPUA   ( 4943): [ Thread-44: VideoCamera.java: 607: writeRawH263() ] _____ Write offset[14], len[1400]
01-16 14:58:03.765 D/SIPUA   ( 4943): [ Thread-44: VideoCamera.java: 553: run() ] _____ videopacket rtp header = 80 67 00 59 2b ec c4 b0 c0 1e bd 41
01-16 14:58:03.785 D/dalvikvm( 1272): GC_EXPLICIT freed 4090 objects / 188824 bytes in 621ms
01-16 14:58:03.795 D/SIPUA   ( 4943): [ Thread-44: RtpPacket.java: 323: getBit() ] _____ 103 >> 7 = 0
01-16 14:58:03.795 D/SIPUA   ( 4943): [ Thread-44: VideoCamera.java: 577: run() ] _____ Not complete frame
01-16 14:58:03.803 D/WeatherProvider( 1272): [query] uri -- content://com.pekall.provider.weather/cities/1/current_conditions
01-16 14:58:03.821 I/SIPUA   ( 4943): [ Thread-44: VideoCamera.java: 607: writeRawH263() ] _____ Write offset[14], len[1400]
01-16 14:58:03.909 D/SIPUA   ( 4943): [ Thread-44: VideoCamera.java: 553: run() ] _____ videopacket rtp header = 80 67 00 5a 2b ec c4 b0 c0 1e bd 41
01-16 14:58:03.909 D/SIPUA   ( 4943): [ Thread-44: RtpPacket.java: 323: getBit() ] _____ 103 >> 7 = 0
01-16 14:58:03.917 D/WeatherProvider( 1272): [query] uri -- content://com.pekall.provider.weather/cities/1/forecasts
01-16 14:58:03.951 D/SIPUA   ( 4943): [ Thread-44: VideoCamera.java: 577: run() ] _____ Not complete frame
01-16 14:58:03.951 I/SIPUA   ( 4943): [ Thread-44: VideoCamera.java: 607: writeRawH263() ] _____ Write offset[14], len[1400]
01-16 14:58:03.993 D/Utils   ( 1402): [weatherCodeToIconRes] code --  lsup -- -1
01-16 14:58:03.993 D/Utils   ( 1402): time -- -1
01-16 14:58:04.047 D/SIPUA   ( 4943): [ Thread-44: VideoCamera.java: 553: run() ] _____ videopacket rtp header = 80 67 00 5b 2b ec c4 b0 c0 1e bd 41
01-16 14:58:04.061 D/SIPUA   ( 4943): [ Thread-44: RtpPacket.java: 323: getBit() ] _____ 103 >> 7 = 0
01-16 14:58:04.065 D/SIPUA   ( 4943): [ Thread-44: VideoCamera.java: 577: run() ] _____ Not complete frame
01-16 14:58:04.083 I/SIPUA   ( 4943): [ Thread-44: VideoCamera.java: 607: writeRawH263() ] _____ Write offset[14], len[1400]
01-16 14:58:04.109 D/SIPUA   ( 4943): [ Thread-44: VideoCamera.java: 553: run() ] _____ videopacket rtp header = 80 67 00 5c 2b ec c4 b0 c0 1e bd 41
01-16 14:58:04.121 D/SIPUA   ( 4943): [ Thread-44: RtpPacket.java: 323: getBit() ] _____ 103 >> 7 = 0
01-16 14:58:04.125 D/SIPUA   ( 4943): [ Thread-44: VideoCamera.java: 577: run() ] _____ Not complete frame
01-16 14:58:04.131 I/SIPUA   ( 4943): [ Thread-44: VideoCamera.java: 607: writeRawH263() ] _____ Write offset[14], len[1400]
01-16 14:58:04.151 D/SIPUA   ( 4943): [ Thread-44: VideoCamera.java: 553: run() ] _____ videopacket rtp header = 80 e7 00 5d 2b ec c4 b0 c0 1e bd 41
01-16 14:58:04.167 D/SIPUA   ( 4943): [ Thread-44: RtpPacket.java: 323: getBit() ] _____ -25 >> 7 = -1
01-16 14:58:04.167 D/SIPUA   ( 4943): [ Thread-44: VideoCamera.java: 567: run() ] _____ Got complete frame
01-16 14:58:04.169 I/SIPUA   ( 4943): [ Thread-44: VideoCamera.java: 607: writeRawH263() ] _____ Write offset[14], len[114]
01-16 14:58:04.187 D/SIPUA   ( 4943): [ Thread-44: VideoCamera.java: 553: run() ] _____ videopacket rtp header = 80 67 00 5e 2b ec de 5a c0 1e bd 41
01-16 14:58:04.189 D/SIPUA   ( 4943): [ Thread-44: RtpPacket.java: 323: getBit() ] _____ 103 >> 7 = 0
01-16 14:58:04.193 D/SIPUA   ( 4943): [ Thread-44: VideoCamera.java: 577: run() ] _____ Not complete frame
01-16 14:58:04.193 I/SIPUA   ( 4943): [ Thread-44: VideoCamera.java: 607: writeRawH263() ] _____ Write offset[0], len[2]
01-16 14:58:04.209 I/SIPUA   ( 4943): [ Thread-44: VideoCamera.java: 607: writeRawH263() ] _____ Write offset[14], len[1400]
01-16 14:58:04.221 D/SIPUA   ( 4943): [ Thread-44: VideoCamera.java: 553: run() ] _____ videopacket rtp header = 80 e7 00 5f 2b ec de 5a c0 1e bd 41
01-16 14:58:04.225 D/SIPUA   ( 4943): [ Thread-44: RtpPacket.java: 323: getBit() ] _____ -25 >> 7 = -1
01-16 14:58:04.227 D/SIPUA   ( 4943): [ Thread-44: VideoCamera.java: 567: run() ] _____ Got complete frame
01-16 14:58:04.231 I/SIPUA   ( 4943): [ Thread-44: VideoCamera.java: 607: writeRawH263() ] _____ Write offset[14], len[113]
01-16 14:58:04.247 D/SIPUA   ( 4943): [ Thread-44: VideoCamera.java: 553: run() ] _____ videopacket rtp header = 80 e7 00 60 2b ec eb b6 c0 1e bd 41
01-16 14:58:04.249 D/SIPUA   ( 4943): [ Thread-44: RtpPacket.java: 323: getBit() ] _____ -25 >> 7 = -1
01-16 14:58:04.259 D/SIPUA   ( 4943): [ Thread-44: VideoCamera.java: 567: run() ] _____ Got complete frame
01-16 14:58:04.263 I/SIPUA   ( 4943): [ Thread-44: VideoCamera.java: 607: writeRawH263() ] _____ Write offset[0], len[2]
01-16 14:58:04.267 I/SIPUA   ( 4943): [ Thread-44: VideoCamera.java: 607: writeRawH263() ] _____ Write offset[14], len[872]
01-16 14:58:04.281 D/SIPUA   ( 4943): [ Thread-44: VideoCamera.java: 553: run() ] _____ videopacket rtp header = 80 e7 00 61 2b ec f7 aa c0 1e bd 41
01-16 14:58:04.283 D/SIPUA   ( 4943): [ Thread-44: RtpPacket.java: 323: getBit() ] _____ -25 >> 7 = -1
01-16 14:58:04.295 D/SIPUA   ( 4943): [ Thread-44: VideoCamera.java: 567: run() ] _____ Got complete frame
01-16 14:58:04.299 I/SIPUA   ( 4943): [ Thread-44: VideoCamera.java: 607: writeRawH263() ] _____ Write offset[0], len[2]
01-16 14:58:04.303 I/SIPUA   ( 4943): [ Thread-44: VideoCamera.java: 607: writeRawH263() ] _____ Write offset[14], len[525]
01-16 14:58:04.319 D/SIPUA   ( 4943): [ Thread-44: VideoCamera.java: 553: run() ] _____ videopacket rtp header = 80 e7 00 62 2b ec ff 0c c0 1e bd 41
01-16 14:58:04.319 D/SIPUA   ( 4943): [ Thread-44: RtpPacket.java: 323: getBit() ] _____ -25 >> 7 = -1
01-16 14:58:04.331 D/SIPUA   ( 4943): [ Thread-44: VideoCamera.java: 567: run() ] _____ Got complete frame
01-16 14:58:04.331 I/SIPUA   ( 4943): [ Thread-44: VideoCamera.java: 607: writeRawH263() ] _____ Write offset[0], len[2]
01-16 14:58:04.341 I/SIPUA   ( 4943): [ Thread-44: VideoCamera.java: 607: writeRawH263() ] _____ Write offset[14], len[772]
01-16 14:58:04.357 D/SIPUA   ( 4943): [ Thread-44: VideoCamera.java: 553: run() ] _____ videopacket rtp header = 80 e7 00 63 2b ed 06 14 c0 1e bd 41
01-16 14:58:04.357 D/SIPUA   ( 4943): [ Thread-44: RtpPacket.java: 323: getBit() ] _____ -25 >> 7 = -1
01-16 14:58:04.367 D/SIPUA   ( 4943): [ Thread-44: VideoCamera.java: 567: run() ] _____ Got complete frame
01-16 14:58:04.369 I/SIPUA   ( 4943): [ Thread-44: VideoCamera.java: 607: writeRawH263() ] _____ Write offset[0], len[2]
01-16 14:58:04.371 I/SIPUA   ( 4943): [ Thread-44: VideoCamera.java: 607: writeRawH263() ] _____ Write offset[14], len[835]
01-16 14:58:04.389 D/SIPUA   ( 4943): [ Thread-44: VideoCamera.java: 553: run() ] _____ videopacket rtp header = 80 e7 00 64 2b ed 0d 1c c0 1e bd 41
01-16 14:58:04.391 D/SIPUA   ( 4943): [ Thread-44: RtpPacket.java: 323: getBit() ] _____ -25 >> 7 = -1
01-16 14:58:04.403 D/SIPUA   ( 4943): [ Thread-44: VideoCamera.java: 567: run() ] _____ Got complete frame
01-16 14:58:04.405 I/SIPUA   ( 4943): [ Thread-44: VideoCamera.java: 607: writeRawH263() ] _____ Write offset[0], len[2]
01-16 14:58:04.409 I/SIPUA   ( 4943): [ Thread-44: VideoCamera.java: 607: writeRawH263() ] _____ Write offset[14], len[937]
01-16 14:58:04.427 D/SIPUA   ( 4943): [ Thread-44: VideoCamera.java: 553: run() ] _____ videopacket rtp header = 80 e7 00 65 2b ed 14 7e c0 1e bd 41
01-16 14:58:04.429 D/SIPUA   ( 4943): [ Thread-44: RtpPacket.java: 323: getBit() ] _____ -25 >> 7 = -1
01-16 14:58:04.439 D/SIPUA   ( 4943): [ Thread-44: VideoCamera.java: 567: run() ] _____ Got complete frame
01-16 14:58:04.441 I/SIPUA   ( 4943): [ Thread-44: VideoCamera.java: 607: writeRawH263() ] _____ Write offset[0], len[2]
01-16 14:58:04.445 I/SIPUA   ( 4943): [ Thread-44: VideoCamera.java: 607: writeRawH263() ] _____ Write offset[14], len[1073]
01-16 14:58:04.461 D/SIPUA   ( 4943): [ Thread-44: VideoCamera.java: 553: run() ] _____ videopacket rtp header = 80 e7 00 66 2b ed 1b e0 c0 1e bd 41
01-16 14:58:04.463 D/SIPUA   ( 4943): [ Thread-44: RtpPacket.java: 323: getBit() ] _____ -25 >> 7 = -1
01-16 14:58:04.463 D/SIPUA   ( 4943): [ Thread-44: VideoCamera.java: 567: run() ] _____ Got complete frame
01-16 14:58:04.477 I/SIPUA   ( 4943): [ Thread-44: VideoCamera.java: 607: writeRawH263() ] _____ Write offset[0], len[2]
01-16 14:58:04.477 I/SIPUA   ( 4943): [ Thread-44: VideoCamera.java: 607: writeRawH263() ] _____ Write offset[14], len[917]
01-16 14:58:04.491 D/SIPUA   ( 4943): [ Thread-44: VideoCamera.java: 553: run() ] _____ videopacket rtp header = 80 67 00 67 2b ed 24 50 c0 1e bd 41
01-16 14:58:04.493 D/SIPUA   ( 4943): [ Thread-44: RtpPacket.java: 323: getBit() ] _____ 103 >> 7 = 0
01-16 14:58:04.495 D/SIPUA   ( 4943): [ Thread-44: VideoCamera.java: 577: run() ] _____ Not complete frame
01-16 14:58:04.497 I/SIPUA   ( 4943): [ Thread-44: VideoCamera.java: 607: writeRawH263() ] _____ Write offset[0], len[2]
01-16 14:58:04.499 I/SIPUA   ( 4943): [ Thread-44: VideoCamera.java: 607: writeRawH263() ] _____ Write offset[14], len[1400]
01-16 14:58:04.511 D/SIPUA   ( 4943): [ Thread-44: VideoCamera.java: 553: run() ] _____ videopacket rtp header = 80 e7 00 68 2b ed 24 50 c0 1e bd 41
01-16 14:58:04.513 D/SIPUA   ( 4943): [ Thread-44: RtpPacket.java: 323: getBit() ] _____ -25 >> 7 = -1
01-16 14:58:04.513 D/SIPUA   ( 4943): [ Thread-44: VideoCamera.java: 567: run() ] _____ Got complete frame
01-16 14:58:04.519 I/SIPUA   ( 4943): [ Thread-44: VideoCamera.java: 607: writeRawH263() ] _____ Write offset[14], len[21]
01-16 14:58:04.533 D/SIPUA   ( 4943): [ Thread-44: VideoCamera.java: 553: run() ] _____ videopacket rtp header = 80 67 00 69 2b ed 2c 66 c0 1e bd 41
01-16 14:58:04.535 D/SIPUA   ( 4943): [ Thread-44: RtpPacket.java: 323: getBit() ] _____ 103 >> 7 = 0
01-16 14:58:04.535 D/SIPUA   ( 4943): [ Thread-44: VideoCamera.java: 577: run() ] _____ Not complete frame
01-16 14:58:04.731 D/dalvikvm( 4943): GC_FOR_MALLOC freed 18952 objects / 905464 bytes in 181ms
01-16 14:58:04.735 I/SIPUA   ( 4943): [ Thread-44: VideoCamera.java: 607: writeRawH263() ] _____ Write offset[0], len[2]
01-16 14:58:04.747 I/SIPUA   ( 4943): [ Thread-44: VideoCamera.java: 607: writeRawH263() ] _____ Write offset[14], len[1400]
01-16 14:58:04.781 D/SIPUA   ( 4943): [ Thread-44: VideoCamera.java: 553: run() ] _____ videopacket rtp header = 80 e7 00 6a 2b ed 2c 66 c0 1e bd 41
01-16 14:58:04.801 D/SIPUA   ( 4943): [ Thread-44: RtpPacket.java: 323: getBit() ] _____ -25 >> 7 = -1
01-16 14:58:04.801 D/SIPUA   ( 4943): [ Thread-44: VideoCamera.java: 567: run() ] _____ Got complete frame
01-16 14:58:04.821 I/SIPUA   ( 4943): [ Thread-44: VideoCamera.java: 607: writeRawH263() ] _____ Write offset[14], len[161]
01-16 14:58:04.855 D/SIPUA   ( 4943): [ Thread-44: VideoCamera.java: 553: run() ] _____ videopacket rtp header = 80 67 00 6b 2b ed 35 30 c0 1e bd 41
01-16 14:58:04.881 D/SIPUA   ( 4943): [ Thread-44: RtpPacket.java: 323: getBit() ] _____ 103 >> 7 = 0
01-16 14:58:04.893 D/SIPUA   ( 4943): [ Thread-44: VideoCamera.java: 577: run() ] _____ Not complete frame
01-16 14:58:04.897 I/SIPUA   ( 4943): [ Thread-44: VideoCamera.java: 607: writeRawH263() ] _____ Write offset[0], len[2]
01-16 14:58:04.915 I/SIPUA   ( 4943): [ Thread-44: VideoCamera.java: 607: writeRawH263() ] _____ Write offset[14], len[1400]
01-16 14:58:04.951 D/SIPUA   ( 4943): [ Thread-44: VideoCamera.java: 553: run() ] _____ videopacket rtp header = 80 e7 00 6c 2b ed 35 30 c0 1e bd 41
01-16 14:58:04.953 D/SIPUA   ( 4943): [ Thread-44: RtpPacket.java: 323: getBit() ] _____ -25 >> 7 = -1
01-16 14:58:04.971 D/SIPUA   ( 4943): [ Thread-44: VideoCamera.java: 567: run() ] _____ Got complete frame
01-16 14:58:04.983 I/SIPUA   ( 4943): [ Thread-44: VideoCamera.java: 607: writeRawH263() ] _____ Write offset[14], len[188]
01-16 14:58:05.021 D/SIPUA   ( 4943): [ Thread-44: VideoCamera.java: 553: run() ] _____ videopacket rtp header = 80 67 00 6d 2b ed 41 d8 c0 1e bd 41
01-16 14:58:05.037 D/SIPUA   ( 4943): [ Thread-44: RtpPacket.java: 323: getBit() ] _____ 103 >> 7 = 0
01-16 14:58:05.037 D/SIPUA   ( 4943): [ Thread-44: VideoCamera.java: 577: run() ] _____ Not complete frame
01-16 14:58:05.057 I/SIPUA   ( 4943): [ Thread-44: VideoCamera.java: 607: writeRawH263() ] _____ Write offset[0], len[2]
01-16 14:58:05.059 I/SIPUA   ( 4943): [ Thread-44: VideoCamera.java: 607: writeRawH263() ] _____ Write offset[14], len[1400]
01-16 14:58:05.093 D/SIPUA   ( 4943): [ Thread-44: VideoCamera.java: 553: run() ] _____ videopacket rtp header = 80 e7 00 6e 2b ed 41 d8 c0 1e bd 41
01-16 14:58:05.109 D/SIPUA   ( 4943): [ Thread-44: RtpPacket.java: 323: getBit() ] _____ -25 >> 7 = -1
01-16 14:58:05.113 D/SIPUA   ( 4943): [ Thread-44: VideoCamera.java: 567: run() ] _____ Got complete frame
01-16 14:58:05.133 I/SIPUA   ( 4943): [ Thread-44: VideoCamera.java: 607: writeRawH263() ] _____ Write offset[14], len[303]
01-16 14:58:05.165 D/SIPUA   ( 4943): [ Thread-44: VideoCamera.java: 553: run() ] _____ videopacket rtp header = 80 67 00 6f 2b ed 49 94 c0 1e bd 41
01-16 14:58:05.169 D/SIPUA   ( 4943): [ Thread-44: RtpPacket.java: 323: getBit() ] _____ 103 >> 7 = 0
01-16 14:58:05.193 D/dalvikvm( 1063): GC_EXPLICIT freed 15188 objects / 740264 bytes in 536ms
01-16 14:58:05.231 D/SIPUA   ( 4943): [ Thread-44: VideoCamera.java: 577: run() ] _____ Not complete frame
01-16 14:58:05.255 I/SIPUA   ( 4943): [ Thread-44: VideoCamera.java: 607: writeRawH263() ] _____ Write offset[0], len[2]
01-16 14:58:05.255 I/SIPUA   ( 4943): [ Thread-44: VideoCamera.java: 607: writeRawH263() ] _____ Write offset[14], len[1400]
01-16 14:58:05.311 D/SIPUA   ( 4943): [ Thread-44: VideoCamera.java: 553: run() ] _____ videopacket rtp header = 80 67 00 70 2b ed 49 94 c0 1e bd 41
01-16 14:58:05.323 D/SIPUA   ( 4943): [ Thread-44: RtpPacket.java: 323: getBit() ] _____ 103 >> 7 = 0
01-16 14:58:05.349 D/SIPUA   ( 4943): [ Thread-44: VideoCamera.java: 577: run() ] _____ Not complete frame
01-16 14:58:05.363 I/SIPUA   ( 4943): [ Thread-44: VideoCamera.java: 607: writeRawH263() ] _____ Write offset[14], len[1400]
01-16 14:58:05.397 D/SIPUA   ( 4943): [ Thread-44: VideoCamera.java: 553: run() ] _____ videopacket rtp header = 80 67 00 71 2b ed 49 94 c0 1e bd 41
01-16 14:58:05.397 D/SIPUA   ( 4943): [ Thread-44: RtpPacket.java: 323: getBit() ] _____ 103 >> 7 = 0
01-16 14:58:05.415 D/SIPUA   ( 4943): [ Thread-44: VideoCamera.java: 577: run() ] _____ Not complete frame
01-16 14:58:05.417 I/SIPUA   ( 4943): [ Thread-44: VideoCamera.java: 607: writeRawH263() ] _____ Write offset[14], len[1400]
01-16 14:58:05.453 D/SIPUA   ( 4943): [ Thread-44: VideoCamera.java: 553: run() ] _____ videopacket rtp header = 80 67 00 72 2b ed 49 94 c0 1e bd 41
01-16 14:58:05.473 D/SIPUA   ( 4943): [ Thread-44: RtpPacket.java: 323: getBit() ] _____ 103 >> 7 = 0
